Hexagonix Operating System build and statistics report
-------------------------------------------------------

Hexagonix Operating System
Copyright (c) 2015-2026 Felipe Miguel Nery Lunkes
All rights reserved.

Hexagonix is licenced under BSD-3-Clause and comes with no warranty.

-------------------------------------------------------

In this file, you have access to the complete log of the build process of
Hexagonix components. You can also use it to identify the environment used in
build, as well as errors found in the process.

hx version: 15.3.2

Build id: b6307448-74f2-41a7-8025-a48ff47c8383

Information about the current build of Hexagonix:
 > Build type: Development build
 > Hexagonix version: Dormin
 > Release name: Dormin
 > Release channel: Development Branch
 > Out of box experience (OOBE) present (not included in development builds): false
 > Disk image location: hexagonix/hexagonix.img
 > Main system branch (git): main
   > Andromeda-Apps branch: Dormin-login-v2
   > Unix-Apps branch: Dormin-login-v2
   > HBoot branch: main
   > Saturno branch: main
   > etc branch: Dormin-login-v2
   > man branch: Dormin-login-v2
   > Fonts branch: main
   > Hexagon branch: Dormin-login-v2
   > libasm branch: Dormin-login-v2
   > hx/Scripts branch: Dormin-login-v2
 > Remote host: https://github.com/hexagonix

Information about the current build environment:
 > Date and time of this report (build time): dom. 02 ago 2026 11:37:03 -03
 > User logged in: root
 > Operating system version: Linux 7.0.0-28-generic x86_64 unknown unknown
 > fasm version: flat assembler  version 1.73.34
 > GNU bash version: GNU bash, versão 5.3.9(1)-release (x86_64-pc-linux-gnu)
 > qemu version: QEMU emulator version 10.2.1 (Debian 1:10.2.1+ds-1ubuntu3.1)
 > vscode version: 1.130.0

 > Build flags:
   > HBoot build flags: SOUND_THEME=Hexagonix
   > Hexagon build flags: VERBOSE=YES
   > Common userland build flags: VERBOSE=YES LOGIN_STYLE=Hexagonix

----------------------------------------------------------------------

Starting Hexagonix disk builder mod version 0.6...

Starting Hexagonix system builder mod version 0.4...

Starting Saturno/MBR builder mod version 0.2...

Building Hexagon startup components (step 1/2)... {

Hexagon bootloader - Saturno (1st stage)...

flat assembler  version 1.73.34  (16384 kilobytes memory)
3 passes, 512 bytes.

flat assembler  version 1.73.34  (16384 kilobytes memory)
2 passes, 512 bytes.

} Saturno/MBR built successfully.

----------------------------------------------------------------------

Starting HBoot builder mod version 0.2...

Building Hexagon startup components (step 2/2)... {

 > Building Hexagon Boot - HBoot (2nd stage)...

flat assembler  version 1.73.34  (16384 kilobytes memory)
4 passes, 9540 bytes.

 > Building HBoot compatible module Spartan.mod...
flat assembler  version 1.73.34  (16384 kilobytes memory)
2 passes, 171 bytes.

 > Building HBoot compatible module x86.mod...
flat assembler  version 1.73.34  (16384 kilobytes memory)
2 passes, 1723 bytes.

} Successfully built HBoot.

----------------------------------------------------------------------

Starting Hexagon builder mod version 0.3...

Building the Hexagon kernel... {

flat assembler  version 1.73.34  (16384 kilobytes memory)
5 passes, 0.1 seconds, 26705 bytes.

} Hexagon kernel built successfully.

----------------------------------------------------------------------

Starting Unix environment builder mod version 0.2...

Building Unix utilities... {

 > Building Unix utility adduser...
flat assembler  version 1.73.34  (16384 kilobytes memory)
3 passes, 18597 bytes.

 > Building Unix utility arch...
flat assembler  version 1.73.34  (16384 kilobytes memory)
2 passes, 442 bytes.

 > Building Unix utility cat...
flat assembler  version 1.73.34  (16384 kilobytes memory)
2 passes, 399 bytes.

 > Building Unix utility clear...
flat assembler  version 1.73.34  (16384 kilobytes memory)
2 passes, 476 bytes.

 > Building Unix utility clock...
flat assembler  version 1.73.34  (16384 kilobytes memory)
3 passes, 628 bytes.

 > Building Unix utility cowsay...
flat assembler  version 1.73.34  (16384 kilobytes memory)
3 passes, 1174 bytes.

 > Building Unix utility cp...
flat assembler  version 1.73.34  (16384 kilobytes memory)
3 passes, 1027 bytes.

 > Building Unix utility date...
flat assembler  version 1.73.34  (16384 kilobytes memory)
3 passes, 821 bytes.

 > Building Unix utility deluser...
flat assembler  version 1.73.34  (16384 kilobytes memory)
3 passes, 18243 bytes.

 > Building Unix utility echo...
flat assembler  version 1.73.34  (16384 kilobytes memory)
2 passes, 325 bytes.

 > Building Unix utility file...
flat assembler  version 1.73.34  (16384 kilobytes memory)
6 passes, 1796 bytes.

 > Building Unix utility fnt...
flat assembler  version 1.73.34  (16384 kilobytes memory)
3 passes, 894 bytes.

 > Building Unix utility free...
flat assembler  version 1.73.34  (16384 kilobytes memory)
3 passes, 551 bytes.

 > Building Unix utility hash...
flat assembler  version 1.73.34  (16384 kilobytes memory)
3 passes, 1554 bytes.

 > Building Unix utility hostname...
flat assembler  version 1.73.34  (16384 kilobytes memory)
2 passes, 426 bytes.

 > Building Unix utility init...
flat assembler  version 1.73.34  (16384 kilobytes memory)
3 passes, 1803 bytes.

 > Building Unix utility kill...
flat assembler  version 1.73.34  (16384 kilobytes memory)
2 passes, 444 bytes.

 > Building Unix utility launcher...
flat assembler  version 1.73.34  (16384 kilobytes memory)
2 passes, 362 bytes.

 > Building Unix utility login...
flat assembler  version 1.73.34  (16384 kilobytes memory)
3 passes, 18948 bytes.

 > Building Unix utility logind...
flat assembler  version 1.73.34  (16384 kilobytes memory)
3 passes, 18715 bytes.

 > Building Unix utility ls...
flat assembler  version 1.73.34  (16384 kilobytes memory)
7 passes, 1368 bytes.

 > Building Unix utility lshapp...
flat assembler  version 1.73.34  (16384 kilobytes memory)
3 passes, 1389 bytes.

 > Building Unix utility lshmod...
flat assembler  version 1.73.34  (16384 kilobytes memory)
3 passes, 1288 bytes.

 > Building Unix utility man...
flat assembler  version 1.73.34  (16384 kilobytes memory)
3 passes, 1087 bytes.

 > Building Unix utility mount...
flat assembler  version 1.73.34  (16384 kilobytes memory)
3 passes, 1386 bytes.

 > Building Unix utility mv...
flat assembler  version 1.73.34  (16384 kilobytes memory)
3 passes, 772 bytes.

 > Building Unix utility passwd...
flat assembler  version 1.73.34  (16384 kilobytes memory)
3 passes, 18670 bytes.

 > Building Unix utility ps...
flat assembler  version 1.73.34  (16384 kilobytes memory)
3 passes, 1325 bytes.

 > Building Unix utility rm...
flat assembler  version 1.73.34  (16384 kilobytes memory)
3 passes, 876 bytes.

 > Building Unix utility sh...
flat assembler  version 1.73.34  (16384 kilobytes memory)
3 passes, 1675 bytes.

 > Building Unix utility shutdown...
flat assembler  version 1.73.34  (16384 kilobytes memory)
3 passes, 1299 bytes.

 > Building Unix utility su...
flat assembler  version 1.73.34  (16384 kilobytes memory)
3 passes, 18325 bytes.

 > Building Unix utility syslogd...
flat assembler  version 1.73.34  (16384 kilobytes memory)
2 passes, 364 bytes.

 > Building Unix utility testa...
flat assembler  version 1.73.34  (16384 kilobytes memory)
2 passes, 309 bytes.

 > Building Unix utility testb...
flat assembler  version 1.73.34  (16384 kilobytes memory)
2 passes, 84 bytes.

 > Building Unix utility top...
flat assembler  version 1.73.34  (16384 kilobytes memory)
3 passes, 1221 bytes.

 > Building Unix utility uname...
flat assembler  version 1.73.34  (16384 kilobytes memory)
5 passes, 1621 bytes.

 > Building Unix utility whoami...
flat assembler  version 1.73.34  (16384 kilobytes memory)
3 passes, 641 bytes.

 > Building Unix utility workera...
flat assembler  version 1.73.34  (16384 kilobytes memory)
2 passes, 89 bytes.

 > Building Unix utility workerb...
flat assembler  version 1.73.34  (16384 kilobytes memory)
2 passes, 89 bytes.

} Unix utilities built successfully.

----------------------------------------------------------------------

Starting Hexagonix-Andromeda environment builder mod version 0.1...

Building Hexagonix-Andromeda applications... {

 > Building Andromeda application ash...
flat assembler  version 1.73.34  (16384 kilobytes memory)
3 passes, 3273 bytes.

 > Building Andromeda application calc...
flat assembler  version 1.73.34  (16384 kilobytes memory)
3 passes, 1240 bytes.

 > Building Andromeda application config...
flat assembler  version 1.73.34  (16384 kilobytes memory)
4 passes, 12072 bytes.

 > Building Andromeda application dossh...
flat assembler  version 1.73.34  (16384 kilobytes memory)
3 passes, 2398 bytes.

 > Building Andromeda application gfont...
flat assembler  version 1.73.34  (16384 kilobytes memory)
2 passes, 1284 bytes.

 > Building Andromeda application lyoko...
flat assembler  version 1.73.34  (16384 kilobytes memory)
4 passes, 7300 bytes.

 > Building Andromeda application oobe...
flat assembler  version 1.73.34  (16384 kilobytes memory)
2 passes, 5771 bytes.

 > Building Andromeda application piano...
flat assembler  version 1.73.34  (16384 kilobytes memory)
3 passes, 2188 bytes.

 > Building Andromeda application power...
flat assembler  version 1.73.34  (16384 kilobytes memory)
2 passes, 1298 bytes.

 > Building Andromeda application quartzo...
flat assembler  version 1.73.34  (16384 kilobytes memory)
4 passes, 3868 bytes.

 > Building Andromeda application serial...
flat assembler  version 1.73.34  (16384 kilobytes memory)
3 passes, 1314 bytes.

} Hexagonix-Andromeda applications built successfully.

----------------------------------------------------------------------

Configuring and copying Hexagonix static files... {

> Copying static configuration files (generated by configure.sh)...
 > rc successfully copied.
 > shadow successfully copied.
 > host configuration file successfully copied.
 > *.unx files successfully copied.
 > Hexagonix version files successfully copied.
> Copying Hexagonix utility manuals...
> Checking for additional fonts to build...
 > There are graphic fonts to be built and copied...
 > Fonts copied.
> Copying core development libraries...

} Success configuring and copying Hexagonix configuration files.

----------------------------------------------------------------------

Starting contrib builder mod version 0.1...

Building additional (contrib) packages... {

> There are additional packages to build.

 > Generating additional (contrib) application fasmX... [Ok]

} Success processing additional (contrib) packages.

----------------------------------------------------------------------

Build a Hexagonix disk image... {

> Building temporary image for file manipulation...

Starting Hexagonix on Linux builder mod version 0.2...

> Building image that will receive system files...

> Copying bootloader (Saturno) to image...
> Mounting the image...
> Copying system files to the image...

> Checking if there are graphic fonts to copy... [Yes]

Starting contrib checker mod version 0.2...

> Unmounting the image...
> Mounting the final image...
  * Copying temporary image to final image...
  * Copying MBR and partition table to image...
> Removing temporary files and folders, as well as binaries that are no longer needed...

> Moving files to final location...
> Creating .vdi image from raw image...
> Adjusting file permissions (needed for git)...

} Hexagonix disk images built successfully.

> Disk image 'hexagonix.img' and VM disk image 'hexagonix.vdi' generated successfully.

Use './hx -v hx' to test running the system on the generated image or copy
the image to the installer 'Inst' directory to generate an Linux-based install
image for transfer to physical disk.

----------------------------------------------------------------------

End date/time of this log: dom. 02 ago 2026 11:37:08 -03

----------------------------------------------------------------------

